// Jest Snapshot v1, https://goo.gl/fbAQLP

exports[`Jest Snapshot testing suite matches snapshot 1`] = `
<div
  className="App"
>
  <div
    className="counter"
  >
    <div
      className="buttons"
    >
      <button
        onClick={[Function]}
      >
        Increment
      </button>
      <button
        onClick={[Function]}
      >
        Decrement
      </button>
    </div>
    <p>
      0
    </p>
  </div>
</div>
`;
